[0;40;37m@CLS@[33m [1;34m@BBS@
[37m млллллм лл   лл ллллллл млллллм   мллллллм млллллм млллллм [30m [0m[17C[1;34m-
[37m ллмммлл лл   лл   олн   лл   лл   лл лл лл ллмммм  лл  ммм [30m [0m[17C[1;34m=
[37m ллппплл лл   лл   олн   лл   лл   лл лл лл  пппплл лл   лл
[44;34m лл   лл плллллп   олн   плллллп   лл лл лл плллллп плллллп                    [0m
[78C[1;34m=
[0m[78C[1;34m-
[0m[78C[1;34m-
