[0;1;40;30m [0m@CLS@ [1;35m@BBS@
[30m лл[0m[6C[1;30mмлллллм млллллм ллллллл   млл млллллм
 лл[0m[6C[1;30mллмммлл ллмммм    олн[0m[5C[1;30mплл лл  млл
 лл[0m[6C[1;30mллппплл  пппплл   олн[0m[6C[1;30mлл ллмп лл
[44;35m ллллллл лл   лл плллллп   олн      лл плллллп                                 [0m
[30m[27C[1;35mn[30mewuser [35md[30moors [35mr[30meadmsg [35mp[30mostmsg [35mg[30mfiles [35mf[30meedback [35mh[30mungup
 [34mN   Name[11COrg / Affil / Loc    Date[5CTIME    ON   NDRPGFH  Conn
