[0;40;37m
[30m[18C[1;34mn[30mewuser [34mp[30mostmsg [34mr[30meadmsg [34mf[30meedback [34mt[30mfiles [34md[30moors [34me[30mmail [34mh[30mungup

   Current Date[37m------>[34m@DATE-L14@[7C@STATS.LOGONS-R14@[37m<-------[30mCalls Total
   Current Time[37m------>[34m@TIME-L14@[7C@STATS.LTODAY-R14@[37m<-------[30mCalls Today
   Current Node[37m------>[34m@NODE-L3@[37m/  [34m@TNODE-L16@@CALLS-R13@[37m<----[30mUr Calls Total
   You Are[37m----------->[34m@USERNUM-L3@[37m/ [34m@TUSER-R3@@SINCE-R27@[37m<-----[30mUr First call
