[0;1;40;30m [34m@CLS@[37m [32m@BBS@
[30m [37mмлллллм млллллм лл[6Cоллн млллллм млллллл
[30m [37mлл   лл лл   лл лл[7Cлл  лл   лл ллмммм
[30m [37mлл   лл лл   лл лл[7Cлл  лл   лл ллпппп
[42;33m плллллп лл   лл ллллллл оллн лл   лл плллллл  [35m                                [0m
[1;30m@RESETPAUSE@

@WHO@
