[0;40;37m

[44;30m [1;37mSLASH COMMANDS                                       [0m
[1m [0mSlash commands are menu specific and are alternative versions to their
 non-slash counterparts.  [1;32m* [0mMsg Menu[10C[1;34m* [0mAlmost Everywhere

 [1;36m/F[37m.[0mind [1;35mT[30mext [32m* [30m(Alt Style)   [36m/D[37m.[0mefaults [1;34m* [30m(Alt Style)   [36m/X.[0mExpert [35mM[1;30menus [34m*
 [36m/N[37m.[0mew [1;35mS[30mcan  [32m* [30m(Alt Style)[30C[36m/O[37m.[0mFast [1;35mL[30mog-[34mO[30mff [34m*
 [36m/R[37m.[0mead [1;35mM[30msg  [32m* [30m(Alt Style)
