[0;40;37m@CLS@[33m @BBS@
[37m ллллллм лл   лл мллллллм млллллм ллллллм млллллм[29C[1;33m-
[0m лл   лл лл   лл лл лл лл лл   лл лл   лл ллмммм[30C[1;33m=
[0m лллллл  лл   лл лл лл лл лл   лл лллллл   пппплл
[1;43;33m лл  плл плллллп лл лл лл плллллп лл  плл плллллп                              [0m
[78C[1;33m-
[0m[78C[1;33m=
