[0;1;40;30m [0m@CLS@ [1;36m@BBS@
[37m лл   лл млллллм млллллл ллллллм   лл[6Cоллн млллллм ллллллл
 лл   лл ллмммм  ллмммм  лл   лл   лл[7Cлл  ллмммм    олн
 лл   лл  пппплл ллпппп  лллллл    лл[7Cлл   пппплл   олн
[41;36m плллллп плллллп плллллл лл  плл   ллллллл оллн плллллп   олн                  [0m
