[0;1;40;30m [34m@BBS@
[30m ллм млл ллллллл ллллллм млллллм   мллллллм млллллл млллллм лл   лл
  плллп    олн   лл   лл лл   лл   лл лл лл ллмммм  лл   лл лл   лл
  млллм    олн   лллллл  лл   лл   лл лл лл ллпппп  лл   лл лл   лл
 ллп плл   олн   лл  плл лл   лл   лл лл лл плллллл лл   лл плллллп
